{"time":"2026-06-24T07:50:56.186Z","method":"POST","path":"/api/v1/auth/register","status":400,"durationMs":47,"pid":19282}
{"time":"2026-06-24T07:54:14.190Z","method":"POST","path":"/api/v1/auth/register","status":400,"durationMs":35,"pid":19743}
{"time":"2026-06-24T07:55:17.852Z","method":"POST","path":"/api/v1/auth/register","status":400,"durationMs":20,"pid":19805}
{"time":"2026-06-24T07:56:57.056Z","method":"POST","path":"/api/v1/auth/register","status":400,"durationMs":26,"pid":19983}
{"time":"2026-06-24T09:11:49.554Z","method":"POST","path":"/api/v1/auth/register","status":400,"durationMs":53,"pid":22598}
{"time":"2026-06-24T09:11:52.943Z","method":"POST","path":"/api/v1/auth/register","status":400,"durationMs":4,"pid":22598}
{"time":"2026-06-24T09:14:42.654Z","method":"POST","path":"/api/v1/auth/register","status":400,"durationMs":33,"pid":22818}
{"time":"2026-06-24T09:14:45.118Z","method":"POST","path":"/api/v1/auth/register","status":400,"durationMs":2,"pid":22818}
{"time":"2026-06-24T09:15:22.867Z","method":"POST","path":"/api/v1/auth/register","status":400,"durationMs":14,"pid":22969}
{"time":"2026-06-24T09:15:38.922Z","method":"POST","path":"/api/v1/auth/register","status":400,"durationMs":21,"pid":22969}
{"time":"2026-06-24T09:32:39.616Z","method":"POST","path":"/api/v1/auth/register","status":400,"durationMs":42,"pid":23745}
{"time":"2026-06-24T09:35:34.377Z","method":"POST","path":"/api/v1/auth/register","status":400,"durationMs":11,"pid":23884}
{"time":"2026-06-24T09:38:39.710Z","method":"POST","path":"/api/v1/auth/register","status":400,"durationMs":76,"pid":24024}
{"time":"2026-06-24T09:43:59.839Z","method":"POST","path":"/api/v1/auth/register","status":400,"durationMs":12,"pid":24267}
{"time":"2026-06-24T09:44:16.023Z","method":"POST","path":"/api/v1/auth/register","status":400,"durationMs":14,"pid":24314}
{"time":"2026-06-24T09:45:57.557Z","method":"POST","path":"/api/v1/auth/register","status":400,"durationMs":27,"pid":24490}
{"time":"2026-06-24T09:48:24.791Z","method":"POST","path":"/api/v1/auth/register","status":400,"durationMs":23,"pid":24614}
{"time":"2026-06-24T09:50:57.361Z","method":"POST","path":"/api/v1/auth/register","status":400,"durationMs":21,"pid":24779}
{"time":"2026-06-24T09:53:04.777Z","method":"POST","path":"/api/v1/auth/register","status":201,"durationMs":10700,"pid":24779}
{"time":"2026-06-24T09:56:26.875Z","method":"POST","path":"/api/v1/auth/register","status":400,"durationMs":56,"pid":25052}
{"time":"2026-06-24T09:58:38.481Z","method":"POST","path":"/api/v1/auth/register","status":201,"durationMs":2517,"pid":25442}
{"time":"2026-06-24T10:02:28.804Z","method":"POST","path":"/api/v1/auth/register","status":201,"durationMs":6041,"pid":26257}
{"time":"2026-06-24T10:08:30.253Z","method":"POST","path":"/api/v1/auth/register","status":400,"durationMs":2631,"pid":26904}
{"time":"2026-06-24T10:09:07.537Z","method":"POST","path":"/api/v1/auth/register","status":201,"durationMs":4222,"pid":26904}
{"time":"2026-06-24T10:16:30.490Z","method":"POST","path":"/api/v1/auth/register","status":201,"durationMs":7761,"pid":27257}
{"time":"2026-06-24T10:18:35.576Z","method":"POST","path":"/api/v1/auth/register","status":201,"durationMs":5580,"pid":27257}
{"time":"2026-06-24T10:18:54.719Z","method":"POST","path":"/api/v1/auth/register","status":400,"durationMs":24,"pid":27257}
{"time":"2026-06-24T10:19:12.989Z","method":"POST","path":"/api/v1/auth/register","status":400,"durationMs":5499,"pid":27257}
{"time":"2026-06-24T10:22:02.869Z","method":"POST","path":"/api/v1/auth/register","status":400,"durationMs":1627,"pid":27514}
{"time":"2026-06-24T10:22:29.011Z","method":"POST","path":"/api/v1/auth/register","status":201,"durationMs":4679,"pid":27514}
{"time":"2026-06-24T10:23:08.846Z","method":"POST","path":"/api/v1/auth/register","status":201,"durationMs":1407,"pid":27514}
{"time":"2026-06-24T10:23:20.071Z","method":"POST","path":"/api/v1/auth/verify-otp/email","status":500,"durationMs":84,"pid":27514}
{"time":"2026-06-24T10:24:21.688Z","method":"POST","path":"/api/v1/auth/verify-otp/email","status":500,"durationMs":69,"pid":27514}
{"time":"2026-06-24T10:29:00.294Z","method":"POST","path":"/api/v1/auth/verify-otp/email","status":200,"durationMs":133,"pid":28628}
{"time":"2026-06-24T11:15:03.068Z","method":"POST","path":"/api/v1/auth/check-email-exists","status":200,"durationMs":48,"pid":35119}
{"time":"2026-06-24T11:15:34.003Z","method":"POST","path":"/api/v1/app/auth/login","status":404,"durationMs":27,"pid":35119}
{"time":"2026-06-24T11:15:41.301Z","method":"POST","path":"/api/v1//auth/login","status":403,"durationMs":220,"pid":35119}
{"time":"2026-06-24T11:18:29.077Z","method":"POST","path":"/api/v1//auth/login","status":403,"durationMs":176,"pid":35397}
{"time":"2026-06-24T11:20:19.720Z","method":"POST","path":"/api/v1//auth/login","status":400,"durationMs":153,"pid":35708}
{"time":"2026-06-24T11:20:45.198Z","method":"POST","path":"/api/v1//auth/login","status":403,"durationMs":905,"pid":35772}
{"time":"2026-06-24T11:21:11.384Z","method":"POST","path":"/api/v1//auth/login","status":200,"durationMs":177,"pid":35772}
{"time":"2026-06-24T11:21:45.449Z","method":"POST","path":"/api/v1//auth/login","status":200,"durationMs":143,"pid":35891}
{"time":"2026-06-24T11:22:27.423Z","method":"POST","path":"/api/v1//auth/login","status":200,"durationMs":190,"pid":35891}
{"time":"2026-06-24T11:26:15.393Z","method":"POST","path":"/api/v1//auth/login","status":200,"durationMs":189,"pid":35891}
{"time":"2026-06-24T11:26:37.563Z","method":"GET","path":"/api/v1/app/users/6a3bb00bb2d260281cda99f9","status":404,"durationMs":46,"pid":35891}
{"time":"2026-06-24T11:26:44.437Z","method":"GET","path":"/api/v1//users/6a3bb00bb2d260281cda99f9","status":200,"durationMs":81,"pid":35891}
{"time":"2026-06-24T11:28:39.601Z","method":"GET","path":"/api/v1//users/6a3bb00bb2d260281cda99f9","status":200,"durationMs":530,"pid":36301}
{"time":"2026-06-24T11:29:31.880Z","method":"GET","path":"/api/v1//users/6a3bb00bb2d260281cda99f9","status":200,"durationMs":646,"pid":36468}
{"time":"2026-06-24T11:30:31.042Z","method":"PUT","path":"/api/v1/app/users/6a3bb00bb2d260281cda99f9","status":404,"durationMs":43,"pid":36468}
{"time":"2026-06-24T11:30:36.423Z","method":"PUT","path":"/api/v1//users/6a3bb00bb2d260281cda99f9","status":200,"durationMs":195,"pid":36468}
{"time":"2026-06-24T11:42:52.030Z","method":"PUT","path":"/api/v1//users/6a3bb00bb2d260281cda99f9","status":500,"durationMs":267,"pid":38689}
{"time":"2026-06-24T11:44:11.040Z","method":"PUT","path":"/api/v1//users/6a3bb00bb2d260281cda99f9","status":200,"durationMs":108,"pid":38842}
{"time":"2026-06-24T11:44:48.252Z","method":"POST","path":"/api/v1/auth/logout","status":200,"durationMs":101,"pid":38842}
{"time":"2026-06-24T11:45:02.764Z","method":"POST","path":"/api/v1/auth/change-password","status":400,"durationMs":173,"pid":38842}
{"time":"2026-06-24T11:45:10.076Z","method":"POST","path":"/api/v1/auth/change-password","status":200,"durationMs":235,"pid":38842}
{"time":"2026-06-24T11:45:15.335Z","method":"POST","path":"/api/v1//auth/login","status":400,"durationMs":427,"pid":38842}
{"time":"2026-06-24T11:45:20.857Z","method":"POST","path":"/api/v1//auth/login","status":400,"durationMs":103,"pid":38842}
{"time":"2026-06-24T11:46:31.731Z","method":"POST","path":"/api/v1//auth/login","status":400,"durationMs":246,"pid":38944}
{"time":"2026-06-24T11:46:47.675Z","method":"POST","path":"/api/v1//auth/login","status":400,"durationMs":144,"pid":38944}
{"time":"2026-06-24T11:46:57.723Z","method":"POST","path":"/api/v1/auth/login","status":400,"durationMs":189,"pid":38944}
{"time":"2026-06-24T11:47:42.336Z","method":"POST","path":"/api/v1/auth/login","status":400,"durationMs":145,"pid":39082}
{"time":"2026-06-24T11:48:00.398Z","method":"POST","path":"/api/v1/auth/change-password","status":200,"durationMs":337,"pid":39082}
{"time":"2026-06-24T11:48:08.480Z","method":"POST","path":"/api/v1/auth/login","status":200,"durationMs":184,"pid":39082}
{"time":"2026-06-24T11:48:19.624Z","method":"POST","path":"/api/v1/auth/login","status":200,"durationMs":277,"pid":39135}
{"time":"2026-06-24T11:48:21.218Z","method":"POST","path":"/api/v1/auth/login","status":200,"durationMs":413,"pid":39135}
{"time":"2026-06-24T12:45:07.867Z","method":"POST","path":"/api/v1/web/care-home/job","status":404,"durationMs":44,"pid":47548}
{"time":"2026-06-24T12:45:48.561Z","method":"POST","path":"/api/v1/web/care-home/job","status":404,"durationMs":467,"pid":47548}
{"time":"2026-06-24T12:46:30.952Z","method":"POST","path":"/api/v1/web/care-home/job","status":404,"durationMs":36,"pid":47847}
{"time":"2026-06-24T12:48:10.557Z","method":"POST","path":"/api/v1/web/care-home/job","status":404,"durationMs":22,"pid":47847}
{"time":"2026-06-24T12:48:12.188Z","method":"POST","path":"/api/v1/web/care-home/job","status":404,"durationMs":10,"pid":47847}
{"time":"2026-06-24T12:48:13.109Z","method":"POST","path":"/api/v1/web/care-home/job","status":404,"durationMs":14,"pid":47847}
{"time":"2026-06-24T12:48:13.850Z","method":"POST","path":"/api/v1/web/care-home/job","status":404,"durationMs":9,"pid":47847}
{"time":"2026-06-24T12:48:14.521Z","method":"POST","path":"/api/v1/web/care-home/job","status":404,"durationMs":9,"pid":47847}
{"time":"2026-06-24T12:48:38.362Z","method":"POST","path":"/api/v1/web/care-home/job","status":404,"durationMs":522,"pid":47847}
{"time":"2026-06-24T12:49:11.303Z","method":"POST","path":"/api/v1/web/care-homes/job","status":404,"durationMs":41,"pid":48091}
{"time":"2026-06-24T12:50:09.995Z","method":"POST","path":"/api/v1/web/care-home/job/add","status":404,"durationMs":42,"pid":48249}
{"time":"2026-06-24T12:51:42.924Z","method":"POST","path":"/api/v1/web/care-home/job","status":201,"durationMs":213,"pid":48547}
{"time":"2026-06-24T12:52:37.595Z","method":"POST","path":"/api/v1/web/care-home/job","status":201,"durationMs":132,"pid":48665}
{"time":"2026-06-24T12:55:10.653Z","method":"POST","path":"/api/v1/web/care-home/job","status":500,"durationMs":54,"pid":48897}
