{"time":"2026-07-01T04:12:54.405Z","method":"POST","path":"/api/v1/web/job","status":201,"durationMs":482,"pid":2597}
{"time":"2026-07-01T04:13:12.646Z","method":"POST","path":"/api/v1/web/job","status":201,"durationMs":29,"pid":2597}
{"time":"2026-07-01T04:13:36.194Z","method":"GET","path":"/api/v1/web/job","status":200,"durationMs":300,"pid":2597}
{"time":"2026-07-01T04:18:13.873Z","method":"DELETE","path":"/api/v1/web/job/6a43e188f8578962dad89d24","status":200,"durationMs":111,"pid":3330}
{"time":"2026-07-01T04:18:19.303Z","method":"GET","path":"/api/v1/web/job","status":200,"durationMs":89,"pid":3330}
{"time":"2026-07-01T04:19:44.305Z","method":"GET","path":"/api/v1/web/job","status":500,"durationMs":484,"pid":3925}
{"time":"2026-07-01T04:19:59.436Z","method":"GET","path":"/api/v1/web/job","status":200,"durationMs":46,"pid":4000}
{"time":"2026-07-01T04:27:49.221Z","method":"GET","path":"/api/v1/web/job/6a4493d8ab225af597d1f5b1","status":200,"durationMs":46,"pid":5184}
{"time":"2026-07-01T04:28:23.554Z","method":"GET","path":"/api/v1/web/job/6a4493d8ab225af597d1f5b1","status":200,"durationMs":30,"pid":5315}
{"time":"2026-07-01T04:29:03.049Z","method":"GET","path":"/api/v1/web/job/6a4493d8ab225af597d1f5b1","status":200,"durationMs":38,"pid":5480}
{"time":"2026-07-01T04:33:49.485Z","method":"GET","path":"/api/v1/web/job/6a4493d8ab225af597d1f5b1","status":200,"durationMs":35,"pid":5629}
{"time":"2026-07-01T04:34:16.887Z","method":"GET","path":"/api/v1/web/job/6a4493d8ab225af597d1f5b1","status":200,"durationMs":30,"pid":5711}
{"time":"2026-07-01T04:34:18.807Z","method":"GET","path":"/api/v1/web/job/6a4493d8ab225af597d1f5b1","status":200,"durationMs":4,"pid":5711}
{"time":"2026-07-01T04:35:01.471Z","method":"GET","path":"/api/v1/web/job/6a4493d8ab225af597d1f5b1","status":200,"durationMs":51,"pid":5801}
{"time":"2026-07-01T04:58:49.278Z","method":"GET","path":"/api/v1/web/job/6a4493d8ab225af597d1f5b1","status":500,"durationMs":117,"pid":7902}
{"time":"2026-07-01T04:59:23.840Z","method":"GET","path":"/api/v1/web/job/6a4493d8ab225af597d1f5b1","status":500,"durationMs":67,"pid":8024}
{"time":"2026-07-01T04:59:44.691Z","method":"GET","path":"/api/v1/web/job/6a4493d8ab225af597d1f5b1","status":200,"durationMs":57,"pid":8194}
{"time":"2026-07-01T05:01:33.384Z","method":"GET","path":"/api/v1/web/job/6a4493d8ab225af597d1f5b1","status":200,"durationMs":53,"pid":8194}
{"time":"2026-07-01T05:03:24.855Z","method":"PUT","path":"/api/v1/web/job/6a4493d8ab225af597d1f5b1","status":200,"durationMs":72,"pid":8471}
{"time":"2026-07-01T05:03:43.801Z","method":"GET","path":"/api/v1/web/job/6a4493d8ab225af597d1f5b1","status":200,"durationMs":18,"pid":8471}
{"time":"2026-07-01T05:04:06.163Z","method":"GET","path":"/api/v1/web/job/6a4493d8ab225af597d1f5b1","status":200,"durationMs":34,"pid":8548}
{"time":"2026-07-01T05:04:08.113Z","method":"GET","path":"/api/v1/web/job/6a4493d8ab225af597d1f5b1","status":200,"durationMs":10,"pid":8548}
{"time":"2026-07-01T05:04:13.091Z","method":"PUT","path":"/api/v1/web/job/6a4493d8ab225af597d1f5b1","status":200,"durationMs":21,"pid":8548}
{"time":"2026-07-01T05:04:46.160Z","method":"PUT","path":"/api/v1/web/job/6a4493d8ab225af597d1f5b1","status":200,"durationMs":89,"pid":8673}
{"time":"2026-07-01T05:05:03.804Z","method":"PUT","path":"/api/v1/web/job/6a4493d8ab225af597d1f5b1","status":200,"durationMs":54,"pid":8774}
{"time":"2026-07-01T05:05:20.267Z","method":"PUT","path":"/api/v1/web/job/6a4493d8ab225af597d1f5b1","status":200,"durationMs":34,"pid":8849}
{"time":"2026-07-01T05:17:57.360Z","method":"POST","path":"/api/v1/auth/login","status":404,"durationMs":100,"pid":9035}
{"time":"2026-07-01T05:24:50.927Z","method":"GET","path":"/api/v1/admin/bookings/revenue","status":404,"durationMs":57,"pid":9035}
{"time":"2026-07-01T05:24:57.453Z","method":"GET","path":"/api/v1/admin/bookings/revenue","status":404,"durationMs":8,"pid":9035}
