{"time":"2026-07-02T06:56:59.523Z","method":"GET","path":"/api/v1/web/job","status":200,"durationMs":158,"pid":11172}
{"time":"2026-07-02T07:09:35.933Z","method":"POST","path":"/api/v1/web/job","status":201,"durationMs":213,"pid":11633}
{"time":"2026-07-02T07:10:18.896Z","method":"GET","path":"/api/v1/web/job/6a460eafc1719af6f4e3ec79","status":200,"durationMs":46,"pid":11633}
{"time":"2026-07-02T07:10:35.557Z","method":"PUT","path":"/api/v1/web/job/6a460eafc1719af6f4e3ec79","status":500,"durationMs":21,"pid":11633}
{"time":"2026-07-02T07:12:14.003Z","method":"PUT","path":"/api/v1/web/job/6a460eafc1719af6f4e3ec79","status":500,"durationMs":117,"pid":11989}
{"time":"2026-07-02T07:13:19.986Z","method":"PUT","path":"/api/v1/web/job/6a460eafc1719af6f4e3ec79","status":500,"durationMs":31,"pid":12133}
{"time":"2026-07-02T07:14:07.145Z","method":"PUT","path":"/api/v1/web/job/6a460eafc1719af6f4e3ec79","status":500,"durationMs":46,"pid":12204}
{"time":"2026-07-02T07:14:28.308Z","method":"PUT","path":"/api/v1/web/job/6a460eafc1719af6f4e3ec79","status":500,"durationMs":75,"pid":12286}
{"time":"2026-07-02T07:15:21.500Z","method":"PUT","path":"/api/v1/web/job/6a460eafc1719af6f4e3ec79","status":500,"durationMs":74,"pid":12526}
{"time":"2026-07-02T07:15:51.570Z","method":"PUT","path":"/api/v1/web/job/6a460eafc1719af6f4e3ec79","status":500,"durationMs":50,"pid":12607}
{"time":"2026-07-02T07:18:53.834Z","method":"PUT","path":"/api/v1/web/job/6a460eafc1719af6f4e3ec79","status":200,"durationMs":223,"pid":12950}
{"time":"2026-07-02T07:19:00.312Z","method":"PUT","path":"/api/v1/web/job/6a460eafc1719af6f4e3ec79","status":200,"durationMs":42,"pid":12950}
{"time":"2026-07-02T07:19:57.410Z","method":"POST","path":"/api/v1/app/auth/login","status":404,"durationMs":33,"pid":13097}
{"time":"2026-07-02T07:20:04.712Z","method":"POST","path":"/api/v1/auth/login","status":400,"durationMs":232,"pid":13097}
{"time":"2026-07-02T07:20:13.988Z","method":"POST","path":"/api/v1/auth/login","status":400,"durationMs":96,"pid":13097}
{"time":"2026-07-02T07:21:09.458Z","method":"POST","path":"/api/v1/auth/login","status":401,"durationMs":160,"pid":13097}
{"time":"2026-07-02T07:21:48.346Z","method":"POST","path":"/api/v1/auth/login","status":200,"durationMs":175,"pid":13097}
{"time":"2026-07-02T07:22:56.194Z","method":"POST","path":"/api/v1/auth/login","status":200,"durationMs":852,"pid":13097}
{"time":"2026-07-02T07:23:29.969Z","method":"GET","path":"/api/v1/web/job","status":403,"durationMs":46,"pid":13097}
{"time":"2026-07-02T07:23:56.216Z","method":"GET","path":"/api/v1/web/job","status":200,"durationMs":145,"pid":13418}
{"time":"2026-07-02T07:29:13.467Z","method":"GET","path":"/api/v1/web/job","status":200,"durationMs":168,"pid":13637}
{"time":"2026-07-02T07:30:00.889Z","method":"GET","path":"/api/v1/web/job","status":200,"durationMs":152,"pid":14179}
{"time":"2026-07-02T07:31:40.241Z","method":"GET","path":"/api/v1/web/job","status":200,"durationMs":158,"pid":14415}
{"time":"2026-07-02T07:32:33.802Z","method":"GET","path":"/api/v1/web/job","status":200,"durationMs":150,"pid":14415}
{"time":"2026-07-02T07:33:44.320Z","method":"GET","path":"/api/v1/web/job","status":200,"durationMs":154,"pid":14578}
{"time":"2026-07-02T13:56:43.847Z","method":"GET","path":"/api/v1/web/job","status":200,"durationMs":275,"pid":20655}
{"time":"2026-07-02T14:04:38.212Z","method":"GET","path":"/api/v1/web/job","status":200,"durationMs":153,"pid":21530}
{"time":"2026-07-02T14:07:18.309Z","method":"POST","path":"/api/v1/web/agency/bids","status":403,"durationMs":32,"pid":22417}
{"time":"2026-07-02T14:09:20.174Z","method":"POST","path":"/api/v1/web/agency/bids","status":400,"durationMs":88,"pid":23102}
{"time":"2026-07-02T14:09:54.092Z","method":"POST","path":"/api/v1/web/agency/bids","status":500,"durationMs":93,"pid":23211}
{"time":"2026-07-02T14:09:55.707Z","method":"POST","path":"/api/v1/web/agency/bids","status":500,"durationMs":8,"pid":23211}
{"time":"2026-07-02T14:10:07.760Z","method":"POST","path":"/api/v1/web/agency/bids","status":400,"durationMs":31,"pid":23256}
{"time":"2026-07-02T14:10:09.428Z","method":"POST","path":"/api/v1/web/agency/bids","status":400,"durationMs":3,"pid":23256}
{"time":"2026-07-02T14:10:29.446Z","method":"POST","path":"/api/v1/web/agency/bids","status":400,"durationMs":25,"pid":23256}
{"time":"2026-07-02T14:10:44.074Z","method":"POST","path":"/api/v1/web/agency/bids","status":400,"durationMs":38,"pid":23305}
{"time":"2026-07-02T14:16:08.855Z","method":"POST","path":"/api/v1/web/agency/bids","status":500,"durationMs":53,"pid":24052}
{"time":"2026-07-02T14:16:33.103Z","method":"POST","path":"/api/v1/web/agency/bids","status":500,"durationMs":46,"pid":24153}
{"time":"2026-07-02T14:17:20.833Z","method":"POST","path":"/api/v1/web/agency/bids","status":500,"durationMs":1667,"pid":24356}
{"time":"2026-07-02T14:17:48.118Z","method":"POST","path":"/api/v1/web/agency/bids","status":500,"durationMs":78,"pid":24470}
{"time":"2026-07-02T14:18:11.512Z","method":"POST","path":"/api/v1/web/agency/bids","status":500,"durationMs":65,"pid":24527}
{"time":"2026-07-02T14:20:45.694Z","method":"POST","path":"/api/v1/web/agency/bids","status":400,"durationMs":714,"pid":24610}
{"time":"2026-07-02T14:22:02.073Z","method":"POST","path":"/api/v1/web/agency/bids","status":400,"durationMs":84,"pid":24757}
{"time":"2026-07-02T14:22:15.123Z","method":"POST","path":"/api/v1/web/agency/bids","status":400,"durationMs":56,"pid":24757}
{"time":"2026-07-02T14:23:32.872Z","method":"POST","path":"/api/v1/web/agency/bids","status":400,"durationMs":63,"pid":24828}
{"time":"2026-07-02T14:25:24.140Z","method":"POST","path":"/api/v1/web/agency/bids","status":201,"durationMs":153,"pid":24947}
{"time":"2026-07-02T14:25:41.511Z","method":"POST","path":"/api/v1/web/agency/bids","status":500,"durationMs":13,"pid":24947}
{"time":"2026-07-02T14:31:43.011Z","method":"POST","path":"/api/v1/web/agency/bids","status":500,"durationMs":89,"pid":24947}
{"time":"2026-07-02T14:31:44.288Z","method":"POST","path":"/api/v1/web/agency/bids","status":500,"durationMs":5,"pid":24947}
{"time":"2026-07-02T14:31:45.382Z","method":"POST","path":"/api/v1/web/agency/bids","status":500,"durationMs":13,"pid":24947}
{"time":"2026-07-02T14:33:29.016Z","method":"POST","path":"/api/v1/web/agency/bids","status":201,"durationMs":80,"pid":25515}
{"time":"2026-07-02T14:33:57.309Z","method":"POST","path":"/api/v1/web/agency/bids","status":400,"durationMs":114,"pid":25571}
{"time":"2026-07-02T14:35:19.204Z","method":"GET","path":"/api/v1/web/job","status":200,"durationMs":505,"pid":25571}
{"time":"2026-07-02T14:35:47.488Z","method":"POST","path":"/api/v1/web/agency/bids","status":409,"durationMs":116,"pid":25571}
{"time":"2026-07-02T14:36:30.356Z","method":"POST","path":"/api/v1/web/agency/bids","status":409,"durationMs":288,"pid":25718}
{"time":"2026-07-02T14:36:31.937Z","method":"POST","path":"/api/v1/web/agency/bids","status":409,"durationMs":15,"pid":25718}
{"time":"2026-07-02T14:36:45.015Z","method":"POST","path":"/api/v1/web/agency/bids","status":409,"durationMs":87,"pid":25806}
{"time":"2026-07-02T14:40:11.038Z","method":"POST","path":"/api/v1/web/agency/bids","status":201,"durationMs":218,"pid":26134}
{"time":"2026-07-02T14:40:39.957Z","method":"POST","path":"/api/v1/web/agency/bids","status":400,"durationMs":61,"pid":26227}
{"time":"2026-07-02T14:55:00.792Z","method":"GET","path":"/api/v1/web/agency/bids","status":500,"durationMs":84,"pid":26279}
{"time":"2026-07-02T15:03:32.508Z","method":"GET","path":"/api/v1/web/agency/bids","status":500,"durationMs":62,"pid":27790}
{"time":"2026-07-02T15:03:36.944Z","method":"POST","path":"/api/v1/web/agency/bids","status":400,"durationMs":38,"pid":27790}
{"time":"2026-07-02T15:03:45.009Z","method":"POST","path":"/api/v1/web/agency/bids","status":400,"durationMs":25,"pid":27790}
{"time":"2026-07-02T15:04:03.563Z","method":"POST","path":"/api/v1/web/agency/bids","status":201,"durationMs":135,"pid":27790}
{"time":"2026-07-02T15:05:06.826Z","method":"POST","path":"/api/v1/web/agency/bids","status":400,"durationMs":76,"pid":27874}
{"time":"2026-07-02T15:05:23.467Z","method":"POST","path":"/api/v1/web/agency/bids","status":201,"durationMs":80,"pid":27874}
{"time":"2026-07-02T15:07:36.209Z","method":"POST","path":"/api/v1/web/agency/bids","status":400,"durationMs":99,"pid":28207}
{"time":"2026-07-02T15:07:51.007Z","method":"POST","path":"/api/v1/web/agency/bids","status":400,"durationMs":21,"pid":28207}
{"time":"2026-07-02T15:08:30.349Z","method":"POST","path":"/api/v1/web/agency/bids","status":400,"durationMs":348,"pid":28266}
{"time":"2026-07-02T15:08:49.081Z","method":"POST","path":"/api/v1/web/agency/bids","status":201,"durationMs":107,"pid":28309}
{"time":"2026-07-02T15:08:56.488Z","method":"POST","path":"/api/v1/web/agency/bids","status":400,"durationMs":13,"pid":28309}
{"time":"2026-07-02T15:08:57.546Z","method":"POST","path":"/api/v1/web/agency/bids","status":400,"durationMs":6,"pid":28309}
{"time":"2026-07-02T15:09:21.045Z","method":"GET","path":"/api/v1/web/agency/bids","status":500,"durationMs":73,"pid":28309}
{"time":"2026-07-02T15:10:25.621Z","method":"GET","path":"/api/v1/web/agency/bids","status":200,"durationMs":143,"pid":28490}
{"time":"2026-07-02T15:11:42.101Z","method":"GET","path":"/api/v1/web/agency/bids","status":200,"durationMs":131,"pid":28700}
{"time":"2026-07-02T15:19:27.135Z","method":"DELETE","path":"/api/v1/web/agency/bids/6a467f01542ba50ac7116092","status":500,"durationMs":276,"pid":29002}
{"time":"2026-07-02T15:19:52.318Z","method":"DELETE","path":"/api/v1/web/agency/bids/6a467f01542ba50ac7116092","status":200,"durationMs":1358,"pid":29104}
{"time":"2026-07-02T15:19:57.507Z","method":"GET","path":"/api/v1/web/agency/bids","status":200,"durationMs":103,"pid":29104}
{"time":"2026-07-02T15:20:05.884Z","method":"DELETE","path":"/api/v1/web/agency/bids/6a467f01542ba50ac7116092","status":200,"durationMs":25,"pid":29104}
