{"time":"2026-07-03T04:24:12.426Z","method":"GET","path":"/","status":404,"durationMs":72,"pid":2744}
{"time":"2026-07-03T04:24:14.040Z","method":"HEAD","path":"/","status":404,"durationMs":2,"pid":2744}
{"time":"2026-07-03T04:24:14.897Z","method":"HEAD","path":"/","status":404,"durationMs":1,"pid":2744}
{"time":"2026-07-03T04:36:16.854Z","method":"GET","path":"/api/v1/web/agency/bids","status":200,"durationMs":189,"pid":3355}
{"time":"2026-07-03T04:36:23.339Z","method":"POST","path":"/api/v1/web/agency/bids","status":500,"durationMs":31,"pid":3355}
{"time":"2026-07-03T04:36:33.433Z","method":"GET","path":"/api/v1/web/job","status":200,"durationMs":39,"pid":3355}
{"time":"2026-07-03T04:36:56.497Z","method":"HEAD","path":"/","status":404,"durationMs":28,"pid":2744}
{"time":"2026-07-03T04:36:56.779Z","method":"GET","path":"/","status":404,"durationMs":4,"pid":2744}
{"time":"2026-07-03T04:37:00.550Z","method":"POST","path":"/api/v1/web/agency/bids","status":201,"durationMs":115,"pid":3355}
{"time":"2026-07-03T04:37:31.586Z","method":"GET","path":"/api/v1/web/agency/bids","status":200,"durationMs":136,"pid":3355}
{"time":"2026-07-03T04:38:05.090Z","method":"POST","path":"/auth/login","status":404,"durationMs":3,"pid":2744}
{"time":"2026-07-03T04:38:05.360Z","method":"POST","path":"/api/auth/login","status":404,"durationMs":1,"pid":2744}
{"time":"2026-07-03T04:38:22.038Z","method":"GET","path":"/","status":404,"durationMs":2,"pid":2744}
{"time":"2026-07-03T04:38:24.672Z","method":"GET","path":"/api/v1/web/agency/bids","status":200,"durationMs":119,"pid":3573}
{"time":"2026-07-03T04:38:41.397Z","method":"POST","path":"/api/auth/login","status":404,"durationMs":2,"pid":2744}
{"time":"2026-07-03T04:39:02.262Z","method":"POST","path":"/api/v1/auth/login","status":400,"durationMs":52,"pid":2744}
{"time":"2026-07-03T04:39:02.460Z","method":"GET","path":"/api/v1","status":404,"durationMs":15,"pid":2744}
{"time":"2026-07-03T04:39:25.414Z","method":"GET","path":"/api/v1/web/agency/bids","status":200,"durationMs":158,"pid":3735}
{"time":"2026-07-03T04:39:36.005Z","method":"GET","path":"/api/v1/web/agency/bids","status":200,"durationMs":105,"pid":3775}
{"time":"2026-07-03T04:42:30.006Z","method":"POST","path":"/api/v1/auth/login","status":404,"durationMs":121,"pid":2744}
{"time":"2026-07-03T04:46:11.505Z","method":"POST","path":"/api/v1auth/register","status":404,"durationMs":18,"pid":2744}
{"time":"2026-07-03T04:46:53.369Z","method":"POST","path":"/api/v1/auth/register","status":201,"durationMs":1312,"pid":2744}
{"time":"2026-07-03T04:46:59.469Z","method":"POST","path":"/api/v1/auth/login","status":401,"durationMs":92,"pid":2744}
{"time":"2026-07-03T04:50:29.603Z","method":"POST","path":"/api/v1/auth/register","status":201,"durationMs":726,"pid":2744}
{"time":"2026-07-03T04:50:43.228Z","method":"POST","path":"/api/v1/auth/login","status":401,"durationMs":119,"pid":2744}
{"time":"2026-07-03T04:55:14.434Z","method":"POST","path":"/api/v1/auth/register","status":400,"durationMs":7,"pid":2744}
{"time":"2026-07-03T04:57:06.447Z","method":"POST","path":"/api/v1/auth/register","status":500,"durationMs":858,"pid":2744}
{"time":"2026-07-03T04:57:53.750Z","method":"PUT","path":"/api/v1/web/agency/bids/6a473c6c26c4488cdf263e82","status":200,"durationMs":149,"pid":5727}
{"time":"2026-07-03T04:57:57.755Z","method":"GET","path":"/api/v1/web/agency/bids","status":200,"durationMs":149,"pid":5727}
{"time":"2026-07-03T04:58:13.703Z","method":"GET","path":"/api/v1/web/agency/bids","status":200,"durationMs":74,"pid":5727}
{"time":"2026-07-03T04:58:52.823Z","method":"GET","path":"/api/v1/web/agency/bids","status":200,"durationMs":544,"pid":6015}
{"time":"2026-07-03T04:58:57.900Z","method":"POST","path":"/api/v1/auth/register","status":201,"durationMs":820,"pid":2744}
{"time":"2026-07-03T05:00:18.433Z","method":"GET","path":"/api/v1/web/agency/bids?status=active","status":200,"durationMs":127,"pid":6015}
{"time":"2026-07-03T05:00:31.848Z","method":"GET","path":"/api/v1/web/agency/bids?status=pending","status":200,"durationMs":28,"pid":6015}
{"time":"2026-07-03T05:07:23.263Z","method":"GET","path":"/api/v1/web/agency/bids?status=pending","status":200,"durationMs":120,"pid":6642}
{"time":"2026-07-03T05:07:43.463Z","method":"GET","path":"/api/v1/web/agency/bids?status=pending","status":200,"durationMs":100,"pid":6690}
{"time":"2026-07-03T05:07:52.440Z","method":"GET","path":"/api/v1/web/job","status":200,"durationMs":27,"pid":6690}
{"time":"2026-07-03T05:08:24.767Z","method":"GET","path":"/api/v1/web/job","status":200,"durationMs":129,"pid":6840}
{"time":"2026-07-03T05:09:02.239Z","method":"POST","path":"/api/v1/auth/register","status":201,"durationMs":3475,"pid":2744}
{"time":"2026-07-03T05:10:06.567Z","method":"GET","path":"/api/v1/web/job","status":200,"durationMs":139,"pid":7227}
{"time":"2026-07-03T05:11:10.963Z","method":"GET","path":"/api/v1/web/job","status":200,"durationMs":91,"pid":7341}
{"time":"2026-07-03T05:11:45.843Z","method":"GET","path":"/api/v1/web/job","status":200,"durationMs":103,"pid":7516}
{"time":"2026-07-03T05:12:57.726Z","method":"POST","path":"/api/v1/auth/login","status":400,"durationMs":13,"pid":2744}
{"time":"2026-07-03T05:13:28.700Z","method":"POST","path":"/api/v1/auth/login","status":401,"durationMs":108,"pid":2744}
{"time":"2026-07-03T05:13:28.957Z","method":"POST","path":"/api/v1/auth/login","status":401,"durationMs":117,"pid":2744}
{"time":"2026-07-03T05:13:42.705Z","method":"GET","path":"/api/v1/web/job","status":200,"durationMs":124,"pid":7577}
{"time":"2026-07-03T05:14:15.488Z","method":"POST","path":"/api/v1/auth/verify-otp/email","status":400,"durationMs":23,"pid":2744}
{"time":"2026-07-03T05:14:49.879Z","method":"GET","path":"/api/v1/web/job","status":200,"durationMs":164,"pid":7810}
{"time":"2026-07-03T05:14:55.896Z","method":"POST","path":"/api/v1/auth/login","status":401,"durationMs":83,"pid":2744}
{"time":"2026-07-03T05:15:19.088Z","method":"POST","path":"/api/v1/auth/login","status":401,"durationMs":120,"pid":2744}
{"time":"2026-07-03T05:16:54.420Z","method":"POST","path":"/api/v1/auth/login","status":401,"durationMs":120,"pid":2744}
{"time":"2026-07-03T05:16:55.951Z","method":"POST","path":"/api/v1/auth/login","status":401,"durationMs":117,"pid":2744}
{"time":"2026-07-03T05:21:47.438Z","method":"POST","path":"/api/v1/auth/login","status":401,"durationMs":158,"pid":2744}
{"time":"2026-07-03T05:32:11.075Z","method":"POST","path":"/api/v1/auth/login","status":401,"durationMs":230,"pid":2744}
{"time":"2026-07-03T05:37:03.885Z","method":"GET","path":"/api/v1/web/job","status":200,"durationMs":345,"pid":8003}
{"time":"2026-07-03T05:40:09.986Z","method":"POST","path":"/api/v1/auth/register","status":201,"durationMs":1354,"pid":2744}
{"time":"2026-07-03T05:40:25.687Z","method":"POST","path":"/api/v1/auth/login","status":401,"durationMs":140,"pid":2744}
{"time":"2026-07-03T05:41:00.468Z","method":"POST","path":"/api/v1/auth/verify-otp/email","status":400,"durationMs":23,"pid":2744}
{"time":"2026-07-03T05:42:08.449Z","method":"GET","path":"/api/v1/web/job","status":200,"durationMs":175,"pid":8921}
{"time":"2026-07-03T05:43:18.688Z","method":"POST","path":"/api/v1/auth/register","status":201,"durationMs":693,"pid":2744}
{"time":"2026-07-03T05:43:56.105Z","method":"GET","path":"/api/v1/web/job","status":200,"durationMs":349,"pid":9193}
{"time":"2026-07-03T05:43:57.804Z","method":"POST","path":"/api/v1/auth/register","status":201,"durationMs":675,"pid":2744}
{"time":"2026-07-03T05:44:38.475Z","method":"POST","path":"/api/v1/auth/verify-otp/email","status":200,"durationMs":187,"pid":2744}
{"time":"2026-07-03T05:45:20.799Z","method":"POST","path":"/api/v1/auth/login","status":403,"durationMs":153,"pid":2744}
{"time":"2026-07-03T05:46:17.146Z","method":"POST","path":"/api/v1/auth/login","status":200,"durationMs":136,"pid":9443}
{"time":"2026-07-03T05:46:40.978Z","method":"POST","path":"/api/v1/auth/register","status":201,"durationMs":1168,"pid":9193}
{"time":"2026-07-03T05:59:23.795Z","method":"POST","path":"/api/v1/auth/login","status":200,"durationMs":252,"pid":9443}
{"time":"2026-07-03T05:59:43.024Z","method":"POST","path":"/api/v1/auth/register","status":201,"durationMs":2470,"pid":9872}
{"time":"2026-07-03T06:00:40.780Z","method":"POST","path":"/api/v1/auth/register","status":400,"durationMs":99,"pid":9443}
{"time":"2026-07-03T06:01:50.172Z","method":"POST","path":"/api/v1/auth/login","status":200,"durationMs":285,"pid":9443}
{"time":"2026-07-03T06:01:51.903Z","method":"POST","path":"/api/v1/auth/register","status":201,"durationMs":838,"pid":10114}
{"time":"2026-07-03T06:05:47.825Z","method":"POST","path":"/api/v1/auth/forgot-password","status":201,"durationMs":768,"pid":9443}
{"time":"2026-07-03T07:30:41.013Z","method":"POST","path":"/api/v1/auth/register","status":400,"durationMs":863,"pid":9443}
{"time":"2026-07-03T07:31:29.800Z","method":"POST","path":"/api/v1/auth/register","status":400,"durationMs":608,"pid":9443}
{"time":"2026-07-03T07:33:04.526Z","method":"POST","path":"/api/v1/auth/register","status":400,"durationMs":607,"pid":9443}
{"time":"2026-07-03T07:34:01.148Z","method":"POST","path":"/api/v1/auth/register","status":400,"durationMs":557,"pid":9443}
{"time":"2026-07-03T07:34:15.650Z","method":"POST","path":"/api/v1/auth/register","status":201,"durationMs":813,"pid":9443}
{"time":"2026-07-03T07:34:19.059Z","method":"POST","path":"/api/v1/auth/register","status":400,"durationMs":577,"pid":9443}
{"time":"2026-07-03T07:34:27.651Z","method":"POST","path":"/api/v1/auth/verify-otp/email","status":200,"durationMs":42,"pid":9443}
{"time":"2026-07-03T07:34:56.461Z","method":"POST","path":"/api/v1/auth/login","status":403,"durationMs":120,"pid":9443}
{"time":"2026-07-03T07:47:15.701Z","method":"POST","path":"/api/v1/auth/login","status":403,"durationMs":166,"pid":9443}
{"time":"2026-07-03T07:51:37.507Z","method":"POST","path":"/api/v1/auth/register","status":201,"durationMs":972,"pid":9443}
{"time":"2026-07-03T07:52:10.332Z","method":"POST","path":"/api/v1/auth/verify-otp/email","status":200,"durationMs":129,"pid":9443}
{"time":"2026-07-03T07:54:57.381Z","method":"POST","path":"/api/v1/auth/register","status":400,"durationMs":123,"pid":9443}
{"time":"2026-07-03T07:57:53.465Z","method":"POST","path":"/api/v1/auth/register","status":400,"durationMs":633,"pid":9443}
{"time":"2026-07-03T07:58:25.918Z","method":"POST","path":"/api/v1/auth/register","status":400,"durationMs":579,"pid":9443}
{"time":"2026-07-03T13:22:52.183Z","method":"POST","path":"/api/v1/auth/register","status":201,"durationMs":1646,"pid":19042}
{"time":"2026-07-03T13:23:11.683Z","method":"POST","path":"/api/v1/auth/verify-otp/email","status":200,"durationMs":90,"pid":19042}
{"time":"2026-07-03T13:24:14.123Z","method":"POST","path":"/api/v1/auth/register","status":201,"durationMs":2015,"pid":19249}
{"time":"2026-07-03T13:25:28.382Z","method":"POST","path":"/api/v1/auth/verify-otp/email","status":200,"durationMs":154,"pid":19363}
{"time":"2026-07-03T13:33:44.065Z","method":"GET","path":"/api/v1/app/employee/address?page=1&limit=1","status":401,"durationMs":27,"pid":19363}
{"time":"2026-07-03T13:34:19.029Z","method":"POST","path":"/api/v1/auth/login","status":400,"durationMs":604,"pid":19363}
{"time":"2026-07-03T13:34:46.644Z","method":"POST","path":"/api/v1/auth/login","status":200,"durationMs":171,"pid":19363}
{"time":"2026-07-03T13:34:58.820Z","method":"GET","path":"/api/v1/app/employee/address?page=1&limit=1","status":403,"durationMs":21,"pid":19363}
{"time":"2026-07-03T13:35:18.713Z","method":"GET","path":"/api/v1/app/employee/address?page=1&limit=1","status":200,"durationMs":60,"pid":19363}
{"time":"2026-07-03T13:35:24.641Z","method":"POST","path":"/api/v1/app/employee/address","status":201,"durationMs":108,"pid":19363}
{"time":"2026-07-03T13:35:29.016Z","method":"GET","path":"/api/v1/app/employee/address?page=1&limit=1","status":200,"durationMs":19,"pid":19363}
{"time":"2026-07-03T13:55:18.225Z","method":"GET","path":"/api/v1/web/job","status":403,"durationMs":89,"pid":20902}
{"time":"2026-07-03T13:56:05.908Z","method":"GET","path":"/api/v1/web/job","status":200,"durationMs":202,"pid":21083}
{"time":"2026-07-03T13:56:36.265Z","method":"GET","path":"/api/v1/web/job?latitude=100&longitude=100&km=1","status":400,"durationMs":30,"pid":21083}
{"time":"2026-07-03T13:56:50.385Z","method":"GET","path":"/api/v1/web/job?latitude=89&longitude=89&km=1","status":500,"durationMs":38,"pid":21083}
{"time":"2026-07-03T14:07:22.897Z","method":"POST","path":"/api/v1/web/job","status":201,"durationMs":156,"pid":21206}
{"time":"2026-07-03T14:07:32.616Z","method":"GET","path":"/api/v1/web/job?latitude=89&longitude=89&km=1","status":200,"durationMs":114,"pid":21206}
{"time":"2026-07-03T14:07:42.448Z","method":"GET","path":"/api/v1/web/job?latitude=89&longitude=89&km=1000000000","status":200,"durationMs":36,"pid":21206}
{"time":"2026-07-03T14:11:09.506Z","method":"GET","path":"/api/v1/web/job?latitude=89&longitude=89&km=10000","status":200,"durationMs":133,"pid":21206}
{"time":"2026-07-03T14:11:18.418Z","method":"GET","path":"/api/v1/web/job?latitude=0&longitude=0&km=10000","status":200,"durationMs":46,"pid":21206}
{"time":"2026-07-03T14:49:32.718Z","method":"GET","path":"/api/v1/web/agency/bids","status":403,"durationMs":72,"pid":21206}
{"time":"2026-07-03T14:49:54.826Z","method":"GET","path":"/api/v1/app/job","status":200,"durationMs":182,"pid":21206}
{"time":"2026-07-03T14:51:18.320Z","method":"POST","path":"/api/v1/app/employee/bids","status":403,"durationMs":68,"pid":22330}
{"time":"2026-07-03T14:52:14.495Z","method":"POST","path":"/api/v1/app/employee/bids","status":500,"durationMs":114,"pid":22501}
{"time":"2026-07-03T14:52:24.030Z","method":"GET","path":"/api/v1/web/agency/bids","status":200,"durationMs":97,"pid":22501}
{"time":"2026-07-03T14:53:04.923Z","method":"GET","path":"/api/v1/web/agency/bids","status":200,"durationMs":472,"pid":22688}
{"time":"2026-07-03T14:53:26.606Z","method":"GET","path":"/api/v1/app/job","status":200,"durationMs":93,"pid":22688}
{"time":"2026-07-03T14:54:03.721Z","method":"POST","path":"/api/v1/app/employee/bids","status":201,"durationMs":123,"pid":22688}
{"time":"2026-07-03T14:54:11.890Z","method":"GET","path":"/api/v1/web/agency/bids","status":200,"durationMs":71,"pid":22688}
{"time":"2026-07-03T14:54:14.957Z","method":"POST","path":"/api/v1/app/employee/bids","status":400,"durationMs":24,"pid":22688}
{"time":"2026-07-03T14:54:39.706Z","method":"GET","path":"/api/v1/app/employee/bids","status":200,"durationMs":94,"pid":22688}
{"time":"2026-07-03T14:55:09.211Z","method":"DELETE","path":"/api/v1/app/employee/bids/6a467f01542ba50ac7116092","status":200,"durationMs":56,"pid":22688}
{"time":"2026-07-03T14:55:18.539Z","method":"PUT","path":"/api/v1/app/employee/bids/6a473c6c26c4488cdf263e82","status":200,"durationMs":20,"pid":22688}
{"time":"2026-07-03T14:55:32.126Z","method":"GET","path":"/api/v1/app/job","status":200,"durationMs":123,"pid":22688}
{"time":"2026-07-03T15:00:01.172Z","method":"POST","path":"/api/v1/admin/auth/login","status":404,"durationMs":41,"pid":22688}
{"time":"2026-07-03T15:00:11.314Z","method":"POST","path":"/api/v1//auth/login","status":404,"durationMs":98,"pid":22688}
{"time":"2026-07-03T15:00:15.400Z","method":"POST","path":"/api/v1/auth/login","status":404,"durationMs":17,"pid":22688}
{"time":"2026-07-03T15:00:48.653Z","method":"POST","path":"/api/v1/auth/login","status":403,"durationMs":173,"pid":22688}
{"time":"2026-07-03T15:03:11.606Z","method":"POST","path":"/api/v1/auth/login","status":403,"durationMs":127,"pid":23100}
{"time":"2026-07-03T15:06:34.602Z","method":"POST","path":"/api/v1/auth/login","status":403,"durationMs":175,"pid":23244}
{"time":"2026-07-03T15:07:32.081Z","method":"POST","path":"/api/v1/auth/login","status":200,"durationMs":139,"pid":23474}
{"time":"2026-07-03T15:13:55.783Z","method":"POST","path":"/api/v1/auth/login","status":200,"durationMs":365,"pid":23754}
{"time":"2026-07-03T15:14:35.293Z","method":"POST","path":"/api/v1/auth/login","status":200,"durationMs":132,"pid":24006}
{"time":"2026-07-03T15:14:36.672Z","method":"POST","path":"/api/v1/auth/login","status":200,"durationMs":103,"pid":24006}
{"time":"2026-07-03T15:14:37.684Z","method":"POST","path":"/api/v1/auth/login","status":200,"durationMs":157,"pid":24006}
{"time":"2026-07-03T15:48:47.782Z","method":"POST","path":"/api/v1/admin/job-roles","status":403,"durationMs":85,"pid":32037}
{"time":"2026-07-03T15:49:31.688Z","method":"POST","path":"/api/v1/admin/job-roles","status":500,"durationMs":111,"pid":32037}
{"time":"2026-07-03T15:49:57.616Z","method":"POST","path":"/api/v1/admin/job-roles","status":400,"durationMs":67,"pid":32112}
{"time":"2026-07-03T15:50:48.178Z","method":"GET","path":"/api/v1/admin/job-roles","status":500,"durationMs":40,"pid":32112}
{"time":"2026-07-03T15:53:03.682Z","method":"GET","path":"/api/v1/admin/job-roles","status":500,"durationMs":278,"pid":32681}
{"time":"2026-07-03T15:53:17.168Z","method":"GET","path":"/api/v1/admin/job-roles","status":200,"durationMs":163,"pid":32793}
{"time":"2026-07-03T15:56:58.497Z","method":"GET","path":"/api/v1/admin/job-roles","status":200,"durationMs":105,"pid":32793}
{"time":"2026-07-03T15:57:00.092Z","method":"GET","path":"/api/v1/admin/job-roles","status":200,"durationMs":24,"pid":32793}
{"time":"2026-07-03T15:57:00.875Z","method":"GET","path":"/api/v1/admin/job-roles","status":200,"durationMs":16,"pid":32793}
{"time":"2026-07-03T15:58:16.324Z","method":"DELETE","path":"/api/v1/admin/job-roles/6a47da0be71fa4504caaee4b","status":200,"durationMs":264,"pid":32793}
{"time":"2026-07-03T15:58:21.081Z","method":"GET","path":"/api/v1/admin/job-roles","status":200,"durationMs":43,"pid":32793}
