{"time":"2026-06-29T04:55:21.702Z","method":"POST","path":"/api/v1/auth/register","status":201,"durationMs":1222,"pid":6644}
{"time":"2026-06-29T04:57:28.411Z","method":"POST","path":"/api/v1/auth/register","status":201,"durationMs":1903,"pid":6840}
{"time":"2026-06-29T04:58:45.738Z","method":"POST","path":"/api/v1/auth/register","status":201,"durationMs":842,"pid":6840}
{"time":"2026-06-29T05:09:28.342Z","method":"POST","path":"/api/v1/auth/verify-otp/email","status":400,"durationMs":124,"pid":7564}
{"time":"2026-06-29T05:09:57.474Z","method":"POST","path":"/api/v1/auth/resend-otp/email","status":201,"durationMs":999,"pid":7564}
{"time":"2026-06-29T05:10:08.868Z","method":"POST","path":"/api/v1/auth/verify-otp/email","status":200,"durationMs":174,"pid":7564}
{"time":"2026-06-29T05:14:20.953Z","method":"POST","path":"/api/v1/app/auth/login","status":404,"durationMs":72,"pid":7564}
{"time":"2026-06-29T05:14:26.881Z","method":"POST","path":"/api/v1//auth/login","status":400,"durationMs":186,"pid":7564}
{"time":"2026-06-29T05:14:40.752Z","method":"POST","path":"/api/v1//auth/login","status":200,"durationMs":228,"pid":7564}
{"time":"2026-06-29T05:56:44.760Z","method":"POST","path":"/api/v1/app/employee/address","status":403,"durationMs":734,"pid":13050}
{"time":"2026-06-29T05:57:18.410Z","method":"POST","path":"/api/v1//auth/login","status":200,"durationMs":181,"pid":13050}
{"time":"2026-06-29T05:57:42.504Z","method":"POST","path":"/api/v1/app/employee/address","status":400,"durationMs":63,"pid":13050}
{"time":"2026-06-29T05:58:12.356Z","method":"POST","path":"/api/v1/app/employee/address","status":400,"durationMs":30,"pid":13289}
{"time":"2026-06-29T05:58:58.544Z","method":"POST","path":"/api/v1/app/employee/address","status":201,"durationMs":168,"pid":13289}
{"time":"2026-06-29T05:59:06.709Z","method":"POST","path":"/api/v1/app/employee/address","status":201,"durationMs":80,"pid":13289}
{"time":"2026-06-29T05:59:27.172Z","method":"GET","path":"/api/v1/app/employee/address","status":200,"durationMs":401,"pid":13289}
{"time":"2026-06-29T06:04:31.465Z","method":"GET","path":"/api/v1/app/employee/address","status":200,"durationMs":214,"pid":14960}
{"time":"2026-06-29T06:08:26.830Z","method":"GET","path":"/api/v1/app/employee/address","status":500,"durationMs":62,"pid":16307}
{"time":"2026-06-29T06:08:56.468Z","method":"GET","path":"/api/v1/app/employee/address","status":500,"durationMs":86,"pid":16402}
{"time":"2026-06-29T06:09:45.612Z","method":"GET","path":"/api/v1/app/employee/address","status":200,"durationMs":50,"pid":16585}
{"time":"2026-06-29T06:09:47.109Z","method":"GET","path":"/api/v1/app/employee/address","status":200,"durationMs":24,"pid":16585}
{"time":"2026-06-29T06:09:48.123Z","method":"GET","path":"/api/v1/app/employee/address","status":200,"durationMs":12,"pid":16585}
{"time":"2026-06-29T06:18:00.530Z","method":"GET","path":"/api/v1/app/employee/address","status":500,"durationMs":503,"pid":18110}
{"time":"2026-06-29T06:18:53.266Z","method":"GET","path":"/api/v1/app/employee/address","status":500,"durationMs":79,"pid":18253}
{"time":"2026-06-29T06:18:54.778Z","method":"GET","path":"/api/v1/app/employee/address","status":500,"durationMs":13,"pid":18253}
{"time":"2026-06-29T06:19:39.066Z","method":"GET","path":"/api/v1/app/employee/address","status":500,"durationMs":99,"pid":18489}
{"time":"2026-06-29T06:20:01.230Z","method":"GET","path":"/api/v1/app/employee/address","status":500,"durationMs":51,"pid":18660}
{"time":"2026-06-29T06:23:16.474Z","method":"GET","path":"/api/v1/app/employee/address","status":500,"durationMs":142,"pid":19141}
{"time":"2026-06-29T06:23:46.805Z","method":"GET","path":"/api/v1/app/employee/address","status":200,"durationMs":66,"pid":19284}
{"time":"2026-06-29T06:24:31.014Z","method":"GET","path":"/api/v1/app/employee/address?page=1","status":200,"durationMs":112,"pid":19284}
{"time":"2026-06-29T06:24:40.735Z","method":"GET","path":"/api/v1/app/employee/address?page=1&limit=1","status":200,"durationMs":12,"pid":19284}
{"time":"2026-06-29T06:27:24.626Z","method":"POST","path":"/api/v1/app/employee/address","status":201,"durationMs":132,"pid":19858}
{"time":"2026-06-29T06:28:05.046Z","method":"DELETE","path":"/api/v1/app/employee/address/6a41fb84921b817925102dfc","status":404,"durationMs":67,"pid":19921}
{"time":"2026-06-29T06:28:13.442Z","method":"GET","path":"/api/v1/app/employee/address?page=1&limit=1","status":200,"durationMs":40,"pid":19921}
{"time":"2026-06-29T06:28:27.561Z","method":"DELETE","path":"/api/v1/app/employee/address/6a42104c7726dba26afe466b","status":200,"durationMs":152,"pid":19921}
{"time":"2026-06-29T06:28:51.907Z","method":"DELETE","path":"/api/v1/app/employee/address/6a42104c7726dba26afe466b","status":200,"durationMs":55,"pid":20048}
{"time":"2026-06-29T06:32:34.644Z","method":"PUT","path":"/api/v1/app/employee/address/6a42104c7726dba26afe466b","status":200,"durationMs":159,"pid":20654}
{"time":"2026-06-29T06:32:40.605Z","method":"GET","path":"/api/v1/app/employee/address?page=1&limit=1","status":200,"durationMs":51,"pid":20654}
{"time":"2026-06-29T06:33:11.450Z","method":"PUT","path":"/api/v1/app/employee/address/6a42104c7726dba26afe466b","status":200,"durationMs":178,"pid":20654}
{"time":"2026-06-29T07:12:09.444Z","method":"POST","path":"/api/v1/auth/register","status":500,"durationMs":5314,"pid":25272}
{"time":"2026-06-29T07:13:19.722Z","method":"POST","path":"/api/v1/auth/register","status":201,"durationMs":5716,"pid":25272}
{"time":"2026-06-29T07:16:45.981Z","method":"POST","path":"/api/v1/auth/register","status":500,"durationMs":7736,"pid":25693}
{"time":"2026-06-29T07:17:08.248Z","method":"POST","path":"/api/v1/auth/register","status":201,"durationMs":2272,"pid":25693}
{"time":"2026-06-29T07:21:05.682Z","method":"POST","path":"/api/v1/auth/register","status":201,"durationMs":7174,"pid":26087}
{"time":"2026-06-29T07:22:59.165Z","method":"POST","path":"/api/v1/auth/register","status":201,"durationMs":1016,"pid":26087}
{"time":"2026-06-29T12:57:04.133Z","method":"POST","path":"/api/v1/app/job","status":401,"durationMs":280,"pid":31493}
{"time":"2026-06-29T13:14:14.912Z","method":"POST","path":"/api/v1/web/care-home/job","status":401,"durationMs":88,"pid":33299}
{"time":"2026-06-29T13:14:44.130Z","method":"POST","path":"/api/v1/web/care-home/job","status":401,"durationMs":64,"pid":33425}
{"time":"2026-06-29T13:15:27.672Z","method":"POST","path":"/api/v1/web/job","status":401,"durationMs":146,"pid":33425}
{"time":"2026-06-29T13:16:07.317Z","method":"POST","path":"/api/v1/web/job","status":401,"durationMs":417,"pid":33589}
{"time":"2026-06-29T13:21:33.356Z","method":"POST","path":"/api/v1/web/job","status":401,"durationMs":188,"pid":34153}
{"time":"2026-06-29T13:22:00.667Z","method":"GET","path":"/api/v1/web/job","status":401,"durationMs":49,"pid":34153}
{"time":"2026-06-29T13:22:17.570Z","method":"POST","path":"/api/v1/web/job","status":401,"durationMs":75,"pid":34266}
{"time":"2026-06-29T13:22:18.826Z","method":"POST","path":"/api/v1/web/job","status":401,"durationMs":12,"pid":34266}
{"time":"2026-06-29T13:22:53.289Z","method":"POST","path":"/api/v1/web/job","status":404,"durationMs":161,"pid":34379}
{"time":"2026-06-29T13:22:57.827Z","method":"POST","path":"/api/v1/web/jobs","status":401,"durationMs":56,"pid":34379}
{"time":"2026-06-29T13:23:33.703Z","method":"POST","path":"/api/v1/web/jobs","status":401,"durationMs":46,"pid":34437}
{"time":"2026-06-29T13:23:34.809Z","method":"POST","path":"/api/v1/web/jobs","status":401,"durationMs":14,"pid":34437}
{"time":"2026-06-29T13:24:46.488Z","method":"POST","path":"/api/v1/auth/login","status":401,"durationMs":277,"pid":34437}
{"time":"2026-06-29T13:29:53.467Z","method":"POST","path":"/api/v1/auth/register","status":201,"durationMs":844,"pid":34437}
{"time":"2026-06-29T13:31:03.438Z","method":"POST","path":"/api/v1/auth/login","status":200,"durationMs":221,"pid":34437}
{"time":"2026-06-29T13:31:53.440Z","method":"POST","path":"/api/v1/web/job","status":404,"durationMs":47,"pid":34948}
{"time":"2026-06-29T13:32:05.792Z","method":"POST","path":"/api/v1/web/job","status":401,"durationMs":47,"pid":34997}
{"time":"2026-06-29T13:32:22.321Z","method":"POST","path":"/api/v1/auth/login","status":200,"durationMs":151,"pid":34997}
{"time":"2026-06-29T13:32:46.614Z","method":"POST","path":"/api/v1/web/job","status":500,"durationMs":30,"pid":34997}
{"time":"2026-06-29T13:43:39.725Z","method":"POST","path":"/api/v1/web/job","status":500,"durationMs":50,"pid":35343}
{"time":"2026-06-29T13:43:50.503Z","method":"POST","path":"/api/v1/web/job","status":500,"durationMs":54,"pid":35537}
{"time":"2026-06-29T13:44:17.512Z","method":"POST","path":"/api/v1/web/job","status":201,"durationMs":129,"pid":35634}
{"time":"2026-06-29T13:45:40.365Z","method":"POST","path":"/api/v1/web/job","status":201,"durationMs":149,"pid":35634}
{"time":"2026-06-29T13:49:20.296Z","method":"POST","path":"/api/v1/web/job","status":201,"durationMs":125,"pid":36090}
